  Determinando los proyectos que se van a restaurar...
  Todos los proyectos est├ín actualizados para la restauraci├│n.
C:\Program Files\dotnet\sdk\10.0.102\Microsoft.Common.CurrentVersion.targets(5381,5): warning MSB3026: No se pudo copiar "c:\Dev\MudTrack\ProjectReport\obj\Debug\net8.0-windows\apphost.exe" en "bin\Debug\net8.0-windows\ProjectReport.exe". Se iniciar├í el reintento 1 dentro de 1000ms. The process cannot access the file 'c:\Dev\MudTrack\ProjectReport\bin\Debug\net8.0-windows\ProjectReport.exe' because it is being used by another process. El archivo se ha bloqueado por: "projectReport (17764)" [c:\Dev\MudTrack\ProjectReport\ProjectReport.csproj]
C:\Program Files\dotnet\sdk\10.0.102\Microsoft.Common.CurrentVersion.targets(5381,5): warning MSB3026: No se pudo copiar "c:\Dev\MudTrack\ProjectReport\obj\Debug\net8.0-windows\apphost.exe" en "bin\Debug\net8.0-windows\ProjectReport.exe". Se iniciar├í el reintento 2 dentro de 1000ms. The process cannot access the file 'c:\Dev\MudTrack\ProjectReport\bin\Debug\net8.0-windows\ProjectReport.exe' because it is being used by another process. El archivo se ha bloqueado por: "projectReport (17764)" [c:\Dev\MudTrack\ProjectReport\ProjectReport.csproj]
C:\Program Files\dotnet\sdk\10.0.102\Microsoft.Common.CurrentVersion.targets(5381,5): warning MSB3026: No se pudo copiar "c:\Dev\MudTrack\ProjectReport\obj\Debug\net8.0-windows\apphost.exe" en "bin\Debug\net8.0-windows\ProjectReport.exe". Se iniciar├í el reintento 3 dentro de 1000ms. The process cannot access the file 'c:\Dev\MudTrack\ProjectReport\bin\Debug\net8.0-windows\ProjectReport.exe' because it is being used by another process. El archivo se ha bloqueado por: "projectReport (17764)" [c:\Dev\MudTrack\ProjectReport\ProjectReport.csproj]
C:\Program Files\dotnet\sdk\10.0.102\Microsoft.Common.CurrentVersion.targets(5381,5): warning MSB3026: No se pudo copiar "c:\Dev\MudTrack\ProjectReport\obj\Debug\net8.0-windows\apphost.exe" en "bin\Debug\net8.0-windows\ProjectReport.exe". Se iniciar├í el reintento 4 dentro de 1000ms. The process cannot access the file 'c:\Dev\MudTrack\ProjectReport\bin\Debug\net8.0-windows\ProjectReport.exe' because it is being used by another process. El archivo se ha bloqueado por: "projectReport (17764)" [c:\Dev\MudTrack\ProjectReport\ProjectReport.csproj]
C:\Program Files\dotnet\sdk\10.0.102\Microsoft.Common.CurrentVersion.targets(5381,5): warning MSB3026: No se pudo copiar "c:\Dev\MudTrack\ProjectReport\obj\Debug\net8.0-windows\apphost.exe" en "bin\Debug\net8.0-windows\ProjectReport.exe". Se iniciar├í el reintento 5 dentro de 1000ms. The process cannot access the file 'c:\Dev\MudTrack\ProjectReport\bin\Debug\net8.0-windows\ProjectReport.exe' because it is being used by another process. El archivo se ha bloqueado por: "projectReport (17764)" [c:\Dev\MudTrack\ProjectReport\ProjectReport.csproj]
C:\Program Files\dotnet\sdk\10.0.102\Microsoft.Common.CurrentVersion.targets(5381,5): warning MSB3026: No se pudo copiar "c:\Dev\MudTrack\ProjectReport\obj\Debug\net8.0-windows\apphost.exe" en "bin\Debug\net8.0-windows\ProjectReport.exe". Se iniciar├í el reintento 6 dentro de 1000ms. The process cannot access the file 'c:\Dev\MudTrack\ProjectReport\bin\Debug\net8.0-windows\ProjectReport.exe' because it is being used by another process. El archivo se ha bloqueado por: "projectReport (17764)" [c:\Dev\MudTrack\ProjectReport\ProjectReport.csproj]
C:\Program Files\dotnet\sdk\10.0.102\Microsoft.Common.CurrentVersion.targets(5381,5): warning MSB3026: No se pudo copiar "c:\Dev\MudTrack\ProjectReport\obj\Debug\net8.0-windows\apphost.exe" en "bin\Debug\net8.0-windows\ProjectReport.exe". Se iniciar├í el reintento 7 dentro de 1000ms. The process cannot access the file 'c:\Dev\MudTrack\ProjectReport\bin\Debug\net8.0-windows\ProjectReport.exe' because it is being used by another process. El archivo se ha bloqueado por: "projectReport (17764)" [c:\Dev\MudTrack\ProjectReport\ProjectReport.csproj]
C:\Program Files\dotnet\sdk\10.0.102\Microsoft.Common.CurrentVersion.targets(5381,5): warning MSB3026: No se pudo copiar "c:\Dev\MudTrack\ProjectReport\obj\Debug\net8.0-windows\apphost.exe" en "bin\Debug\net8.0-windows\ProjectReport.exe". Se iniciar├í el reintento 8 dentro de 1000ms. The process cannot access the file 'c:\Dev\MudTrack\ProjectReport\bin\Debug\net8.0-windows\ProjectReport.exe' because it is being used by another process. El archivo se ha bloqueado por: "projectReport (17764)" [c:\Dev\MudTrack\ProjectReport\ProjectReport.csproj]
C:\Program Files\dotnet\sdk\10.0.102\Microsoft.Common.CurrentVersion.targets(5381,5): warning MSB3026: No se pudo copiar "c:\Dev\MudTrack\ProjectReport\obj\Debug\net8.0-windows\apphost.exe" en "bin\Debug\net8.0-windows\ProjectReport.exe". Se iniciar├í el reintento 9 dentro de 1000ms. The process cannot access the file 'c:\Dev\MudTrack\ProjectReport\bin\Debug\net8.0-windows\ProjectReport.exe' because it is being used by another process. El archivo se ha bloqueado por: "projectReport (17764)" [c:\Dev\MudTrack\ProjectReport\ProjectReport.csproj]
C:\Program Files\dotnet\sdk\10.0.102\Microsoft.Common.CurrentVersion.targets(5381,5): warning MSB3026: No se pudo copiar "c:\Dev\MudTrack\ProjectReport\obj\Debug\net8.0-windows\apphost.exe" en "bin\Debug\net8.0-windows\ProjectReport.exe". Se iniciar├í el reintento 10 dentro de 1000ms. The process cannot access the file 'c:\Dev\MudTrack\ProjectReport\bin\Debug\net8.0-windows\ProjectReport.exe' because it is being used by another process. El archivo se ha bloqueado por: "projectReport (17764)" [c:\Dev\MudTrack\ProjectReport\ProjectReport.csproj]
C:\Program Files\dotnet\sdk\10.0.102\Microsoft.Common.CurrentVersion.targets(5381,5): error MSB3027: No se pudo copiar "c:\Dev\MudTrack\ProjectReport\obj\Debug\net8.0-windows\apphost.exe" en "bin\Debug\net8.0-windows\ProjectReport.exe". Se super├│ el n├║mero de 10 reintentos. Error. El archivo se ha bloqueado por: "projectReport (17764)" [c:\Dev\MudTrack\ProjectReport\ProjectReport.csproj]
C:\Program Files\dotnet\sdk\10.0.102\Microsoft.Common.CurrentVersion.targets(5381,5): error MSB3021: No se puede copiar "c:\Dev\MudTrack\ProjectReport\obj\Debug\net8.0-windows\apphost.exe" en "bin\Debug\net8.0-windows\ProjectReport.exe". The process cannot access the file 'c:\Dev\MudTrack\ProjectReport\bin\Debug\net8.0-windows\ProjectReport.exe' because it is being used by another process. [c:\Dev\MudTrack\ProjectReport\ProjectReport.csproj]

ERROR al compilar.

C:\Program Files\dotnet\sdk\10.0.102\Microsoft.Common.CurrentVersion.targets(5381,5): warning MSB3026: No se pudo copiar "c:\Dev\MudTrack\ProjectReport\obj\Debug\net8.0-windows\apphost.exe" en "bin\Debug\net8.0-windows\ProjectReport.exe". Se iniciar├í el reintento 1 dentro de 1000ms. The process cannot access the file 'c:\Dev\MudTrack\ProjectReport\bin\Debug\net8.0-windows\ProjectReport.exe' because it is being used by another process. El archivo se ha bloqueado por: "projectReport (17764)" [c:\Dev\MudTrack\ProjectReport\ProjectReport.csproj]
C:\Program Files\dotnet\sdk\10.0.102\Microsoft.Common.CurrentVersion.targets(5381,5): warning MSB3026: No se pudo copiar "c:\Dev\MudTrack\ProjectReport\obj\Debug\net8.0-windows\apphost.exe" en "bin\Debug\net8.0-windows\ProjectReport.exe". Se iniciar├í el reintento 2 dentro de 1000ms. The process cannot access the file 'c:\Dev\MudTrack\ProjectReport\bin\Debug\net8.0-windows\ProjectReport.exe' because it is being used by another process. El archivo se ha bloqueado por: "projectReport (17764)" [c:\Dev\MudTrack\ProjectReport\ProjectReport.csproj]
C:\Program Files\dotnet\sdk\10.0.102\Microsoft.Common.CurrentVersion.targets(5381,5): warning MSB3026: No se pudo copiar "c:\Dev\MudTrack\ProjectReport\obj\Debug\net8.0-windows\apphost.exe" en "bin\Debug\net8.0-windows\ProjectReport.exe". Se iniciar├í el reintento 3 dentro de 1000ms. The process cannot access the file 'c:\Dev\MudTrack\ProjectReport\bin\Debug\net8.0-windows\ProjectReport.exe' because it is being used by another process. El archivo se ha bloqueado por: "projectReport (17764)" [c:\Dev\MudTrack\ProjectReport\ProjectReport.csproj]
C:\Program Files\dotnet\sdk\10.0.102\Microsoft.Common.CurrentVersion.targets(5381,5): warning MSB3026: No se pudo copiar "c:\Dev\MudTrack\ProjectReport\obj\Debug\net8.0-windows\apphost.exe" en "bin\Debug\net8.0-windows\ProjectReport.exe". Se iniciar├í el reintento 4 dentro de 1000ms. The process cannot access the file 'c:\Dev\MudTrack\ProjectReport\bin\Debug\net8.0-windows\ProjectReport.exe' because it is being used by another process. El archivo se ha bloqueado por: "projectReport (17764)" [c:\Dev\MudTrack\ProjectReport\ProjectReport.csproj]
C:\Program Files\dotnet\sdk\10.0.102\Microsoft.Common.CurrentVersion.targets(5381,5): warning MSB3026: No se pudo copiar "c:\Dev\MudTrack\ProjectReport\obj\Debug\net8.0-windows\apphost.exe" en "bin\Debug\net8.0-windows\ProjectReport.exe". Se iniciar├í el reintento 5 dentro de 1000ms. The process cannot access the file 'c:\Dev\MudTrack\ProjectReport\bin\Debug\net8.0-windows\ProjectReport.exe' because it is being used by another process. El archivo se ha bloqueado por: "projectReport (17764)" [c:\Dev\MudTrack\ProjectReport\ProjectReport.csproj]
C:\Program Files\dotnet\sdk\10.0.102\Microsoft.Common.CurrentVersion.targets(5381,5): warning MSB3026: No se pudo copiar "c:\Dev\MudTrack\ProjectReport\obj\Debug\net8.0-windows\apphost.exe" en "bin\Debug\net8.0-windows\ProjectReport.exe". Se iniciar├í el reintento 6 dentro de 1000ms. The process cannot access the file 'c:\Dev\MudTrack\ProjectReport\bin\Debug\net8.0-windows\ProjectReport.exe' because it is being used by another process. El archivo se ha bloqueado por: "projectReport (17764)" [c:\Dev\MudTrack\ProjectReport\ProjectReport.csproj]
C:\Program Files\dotnet\sdk\10.0.102\Microsoft.Common.CurrentVersion.targets(5381,5): warning MSB3026: No se pudo copiar "c:\Dev\MudTrack\ProjectReport\obj\Debug\net8.0-windows\apphost.exe" en "bin\Debug\net8.0-windows\ProjectReport.exe". Se iniciar├í el reintento 7 dentro de 1000ms. The process cannot access the file 'c:\Dev\MudTrack\ProjectReport\bin\Debug\net8.0-windows\ProjectReport.exe' because it is being used by another process. El archivo se ha bloqueado por: "projectReport (17764)" [c:\Dev\MudTrack\ProjectReport\ProjectReport.csproj]
C:\Program Files\dotnet\sdk\10.0.102\Microsoft.Common.CurrentVersion.targets(5381,5): warning MSB3026: No se pudo copiar "c:\Dev\MudTrack\ProjectReport\obj\Debug\net8.0-windows\apphost.exe" en "bin\Debug\net8.0-windows\ProjectReport.exe". Se iniciar├í el reintento 8 dentro de 1000ms. The process cannot access the file 'c:\Dev\MudTrack\ProjectReport\bin\Debug\net8.0-windows\ProjectReport.exe' because it is being used by another process. El archivo se ha bloqueado por: "projectReport (17764)" [c:\Dev\MudTrack\ProjectReport\ProjectReport.csproj]
C:\Program Files\dotnet\sdk\10.0.102\Microsoft.Common.CurrentVersion.targets(5381,5): warning MSB3026: No se pudo copiar "c:\Dev\MudTrack\ProjectReport\obj\Debug\net8.0-windows\apphost.exe" en "bin\Debug\net8.0-windows\ProjectReport.exe". Se iniciar├í el reintento 9 dentro de 1000ms. The process cannot access the file 'c:\Dev\MudTrack\ProjectReport\bin\Debug\net8.0-windows\ProjectReport.exe' because it is being used by another process. El archivo se ha bloqueado por: "projectReport (17764)" [c:\Dev\MudTrack\ProjectReport\ProjectReport.csproj]
C:\Program Files\dotnet\sdk\10.0.102\Microsoft.Common.CurrentVersion.targets(5381,5): warning MSB3026: No se pudo copiar "c:\Dev\MudTrack\ProjectReport\obj\Debug\net8.0-windows\apphost.exe" en "bin\Debug\net8.0-windows\ProjectReport.exe". Se iniciar├í el reintento 10 dentro de 1000ms. The process cannot access the file 'c:\Dev\MudTrack\ProjectReport\bin\Debug\net8.0-windows\ProjectReport.exe' because it is being used by another process. El archivo se ha bloqueado por: "projectReport (17764)" [c:\Dev\MudTrack\ProjectReport\ProjectReport.csproj]
C:\Program Files\dotnet\sdk\10.0.102\Microsoft.Common.CurrentVersion.targets(5381,5): error MSB3027: No se pudo copiar "c:\Dev\MudTrack\ProjectReport\obj\Debug\net8.0-windows\apphost.exe" en "bin\Debug\net8.0-windows\ProjectReport.exe". Se super├│ el n├║mero de 10 reintentos. Error. El archivo se ha bloqueado por: "projectReport (17764)" [c:\Dev\MudTrack\ProjectReport\ProjectReport.csproj]
C:\Program Files\dotnet\sdk\10.0.102\Microsoft.Common.CurrentVersion.targets(5381,5): error MSB3021: No se puede copiar "c:\Dev\MudTrack\ProjectReport\obj\Debug\net8.0-windows\apphost.exe" en "bin\Debug\net8.0-windows\ProjectReport.exe". The process cannot access the file 'c:\Dev\MudTrack\ProjectReport\bin\Debug\net8.0-windows\ProjectReport.exe' because it is being used by another process. [c:\Dev\MudTrack\ProjectReport\ProjectReport.csproj]
    10 Advertencia(s)
    2 Errores

Tiempo transcurrido 00:00:12.78
